- post_restart_command: null
  post_start_command: null
  pre_restart_command: null
  pre_start_command: null
  process_name: /usr/sbin/libvirtd
  restart_command: systemctl restart libvirt-bin
  run_as_root: true
  start_command: systemctl start libvirt-bin
- post_restart_command: null
  post_start_command: null
  pre_restart_command: null
  pre_start_command: null
  process_name: /usr/sbin/libvirtd-test
  restart_command: systemctl restart libvirt-bin-test
  run_as_root: true
  start_command: systemctl start libvirt-bin-test
- things: stuff
